--- 1. Initializing Session ---
Init Response: {
  "result": {
    "protocolVersion": "2024-11-05",
    "capabilities": {
      "tools": {
        "listChanged": true
      }
    },
    "serverInfo": {
      "name": "stitch-mcp-server",
      "version": "1.0.0"
    }
  },
  "jsonrpc": "2.0",
  "id": 1
}
Assigned Session ID: d7fdc442-c2ae-4530-84ba-58a0800abcab

--- 2. Listing Tools ---
Tools List: {
  "result": {
    "tools": [
      {
        "name": "stitch_get_project",
        "description": "Get details about the connected Stitch project",
        "inputSchema": {
          "$schema": "http://json-schema.org/draft-07/schema#",
          "type": "object",
          "properties": {}
        },
        "execution": {
          "taskSupport": "forbidden"
        }
      },
      {
        "name": "stitch_list_screens",
        "description": "List all screens in the Stitch project",
        "inputSchema": {
          "$schema": "http://json-schema.org/draft-07/schema#",
          "type": "object",
          "properties": {}
        },
        "execution": {
          "taskSupport": "forbidden"
        }
      },
      {
        "name": "stitch_get_screen",
        "inputSchema": {
          "type": "object",
          "properties": {}
        },
        "annotations": {
          "description": "Get details and code for a specific screen",
          "inputSchema": {
            "screen_id": {
              "_def": {
                "checks": [],
                "typeName": "ZodString",
                "coerce": false,
                "description": "The ID of the screen to retrieve"
              },
              "~standard": {
                "version": 1,
                "vendor": "zod"
              }
            }
          }
        },
        "execution": {
          "taskSupport": "forbidden"
        }
      },
      {
        "name": "stitch_generate_screen",
        "inputSchema": {
          "type": "object",
          "properties": {}
        },
        "annotations": {
          "description": "Generate a new screen from a prompt",
          "inputSchema": {
            "prompt": {
              "_def": {
                "checks": [],
                "typeName": "ZodString",
                "coerce": false,
                "description": "Description of the screen to generate"
              },
              "~standard": {
                "version": 1,
                "vendor": "zod"
              }
            }
          }
        },
        "execution": {
          "taskSupport": "forbidden"
        }
      }
    ]
  },
  "jsonrpc": "2.0",
  "id": 2
}

--- 3. Testing Tool: stitch_get_project ---
Project Details: {
  "result": {
    "content": [
      {
        "type": "text",
        "text": "{\n  \"name\": \"projects/14307733649035881866\",\n  \"title\": \"Customer Visa Application Portal\",\n  \"visibility\": \"PRIVATE\",\n  \"createTime\": \"2026-03-04T11:05:19.571435Z\",\n  \"updateTime\": \"2026-03-10T19:30:52.211018Z\",\n  \"projectType\": \"TEXT_TO_UI_PRO\",\n  \"thumbnailScreenshot\": {\n    \"name\": \"projects/14307733649035881866/files/52ce9aec9853467cb22f0fca45821fc1\",\n    \"downloadUrl\": \"https://lh3.googleusercontent.com/aida/AOfcidVFY146uwHR_LINZMyCQDMJ5oRr453CO5lf5Wwby_3aEb8Dmji_fH4wc1JxWXa25lVkILlnOIJukayIpMcwx2R7SEmDVLghYPy_f5Txj7RhZXCQIstImngcyWMeegGhK958_I_J5zgiU-zjOUKYCp6FYUdPSJq6b41mAiEvZg4I3OH-ZjFtGs7sW_czZGajp8iFX5ZrPOujaroCCscCR5eTVODRXuRU6tBGqadzxKqne1rAMHldW3nE2CCz\"\n  },\n  \"origin\": \"STITCH\",\n  \"deviceType\": \"DESKTOP\",\n  \"designTheme\": {\n    \"colorMode\": \"LIGHT\",\n    \"font\": \"PUBLIC_SANS\",\n    \"roundness\": \"ROUND_EIGHT\",\n    \"customColor\": \"#1152d4\",\n    \"saturation\": 2\n  },\n  \"screenInstances\": [\n    {\n      \"id\": \"1077099864fd47f09beb901c530016e9\",\n      \"sourceScreen\": \"projects/14307733649035881866/screens/1077099864fd47f09beb901c530016e9\",\n      \"x\": 1344,\n      \"y\": 2406,\n      \"width\": 1280,\n      \"height\": 1024\n    },\n    {\n      \"id\": \"15b6d8c9c08049769270e20d768bbd38\",\n      \"sourceScreen\": \"projects/14307733649035881866/screens/15b6d8c9c08049769270e20d768bbd38\",\n      \"x\": 1344,\n      \"y\": 3686,\n      \"width\": 1280,\n      \"height\": 1024\n    },\n    {\n      \"id\": \"288f0ffe98134a17a42525c048d78175\",\n      \"sourceScreen\": \"projects/14307733649035881866/screens/288f0ffe98134a17a42525c048d78175\",\n      \"x\": 2688,\n      \"width\": 1280,\n      \"height\": 1024\n    },\n    {\n      \"id\": \"46b07f885b5643a5bf9175c7bf0b50b4\",\n      \"sourceScreen\": \"projects/14307733649035881866/screens/46b07f885b5643a5bf9175c7bf0b50b4\",\n      \"y\": 9984,\n      \"width\": 1280,\n      \"height\": 1024\n    },\n    {\n      \"id\": \"494bef6be2e04010b12bdaa05c332257\",\n      \"sourceScreen\": \"projects/14307733649035881866/screens/494bef6be2e04010b12bdaa05c332257\",\n      \"x\": 1344,\n      \"width\": 1280,\n      \"height\": 1157\n    },\n    {\n      \"id\": \"51dddd5a1c33491eb125a5dd3bd949a5\",\n      \"sourceScreen\": \"projects/14307733649035881866/screens/51dddd5a1c33491eb125a5dd3bd949a5\",\n      \"x\": 2688,\n      \"y\": 6699,\n      \"width\": 1280,\n      \"height\": 1024\n    },\n    {\n      \"id\": \"561e0e9a361c49d0a3efaef6709b899e\",\n      \"sourceScreen\": \"projects/14307733649035881866/screens/561e0e9a361c49d0a3efaef6709b899e\",\n      \"width\": 1280,\n      \"height\": 2150,\n      \"hidden\": true\n    },\n    {\n      \"id\": \"71a4686f394c4743a6dcd86cf018f796\",\n      \"sourceScreen\": \"projects/14307733649035881866/screens/71a4686f394c4743a6dcd86cf018f796\",\n      \"x\": 1344,\n      \"y\": 5267,\n      \"width\": 1280,\n      \"height\": 1024\n    },\n    {\n      \"id\": \"72032dcd18a541ba8028eb1d70cb0346\",\n      \"sourceScreen\": \"projects/14307733649035881866/screens/72032dcd18a541ba8028eb1d70cb0346\",\n      \"y\": 5267,\n      \"width\": 1280,\n      \"height\": 1024\n    },\n    {\n      \"id\": \"8cb26df459824893b12fbae8bc74bc88\",\n      \"sourceScreen\": \"projects/14307733649035881866/screens/8cb26df459824893b12fbae8bc74bc88\",\n      \"y\": 6699,\n      \"width\": 1280,\n      \"height\": 1701\n    },\n    {\n      \"id\": \"90a7a836f32e4dc88c331b2c8a1ed6c9\",\n      \"sourceScreen\": \"projects/14307733649035881866/screens/90a7a836f32e4dc88c331b2c8a1ed6c9\",\n      \"x\": 1344,\n      \"y\": 6699,\n      \"width\": 1280,\n      \"height\": 1097\n    },\n    {\n      \"id\": \"930dbccbd47f476cbadf0962716b5f03\",\n      \"sourceScreen\": \"projects/14307733649035881866/screens/930dbccbd47f476cbadf0962716b5f03\",\n      \"x\": 4032,\n      \"y\": 6699,\n      \"width\": 1280,\n      \"height\": 1024\n    },\n    {\n      \"id\": \"c25e298341694999907aabc23806e9c0\",\n      \"sourceScreen\": \"projects/14307733649035881866/screens/c25e298341694999907aabc23806e9c0\",\n      \"x\": 2688,\n      \"y\": 5267,\n      \"width\": 1280,\n      \"height\": 1176\n    },\n    {\n      \"id\": \"c5de8bba58ca4e0fa6e4b07ee47cbec9\",\n      \"sourceScreen\": \"projects/14307733649035881866/screens/c5de8bba58ca4e0fa6e4b07ee47cbec9\",\n      \"y\": 2406,\n      \"width\": 1280,\n      \"height\": 1024\n    },\n    {\n      \"id\": \"c94e8a91afcb438f86d406faf1432000\",\n      \"sourceScreen\": \"projects/14307733649035881866/screens/c94e8a91afcb438f86d406faf1432000\",\n      \"x\": 4032,\n      \"width\": 1280,\n      \"height\": 1024,\n      \"hidden\": true\n    },\n    {\n      \"id\": \"cf3bd0096c62455e995c28478f762151\",\n      \"sourceScreen\": \"projects/14307733649035881866/screens/cf3bd0096c62455e995c28478f762151\",\n      \"x\": 5376,\n      \"width\": 1280,\n      \"height\": 1024\n    },\n    {\n      \"id\": \"d891859124f94e45b191b3b27bab63df\",\n      \"sourceScreen\": \"projects/14307733649035881866/screens/d891859124f94e45b191b3b27bab63df\",\n      \"y\": 8656,\n      \"width\": 1280,\n      \"height\": 1072\n    },\n    {\n      \"id\": \"e3bb2559089d4e2681d27d454206aa97\",\n      \"sourceScreen\": \"projects/14307733649035881866/screens/e3bb2559089d4e2681d27d454206aa97\",\n      \"x\": 5376,\n      \"y\": 6699,\n      \"width\": 1280,\n      \"height\": 1336\n    },\n    {\n      \"id\": \"ee333795f4b44bc385d1b27d0eca0ea6\",\n      \"sourceScreen\": \"projects/14307733649035881866/screens/ee333795f4b44bc385d1b27d0eca0ea6\",\n      \"y\": 11264,\n      \"width\": 1280,\n      \"height\": 1024\n    },\n    {\n      \"id\": \"f7871044b4bf4faab8a3e79a4adb5fdc\",\n      \"sourceScreen\": \"projects/14307733649035881866/screens/f7871044b4bf4faab8a3e79a4adb5fdc\",\n      \"y\": 3686,\n      \"width\": 1280,\n      \"height\": 1325\n    }\n  ],\n  \"metadata\": {\n    \"userRole\": \"OWNER\"\n  }\n}"
      }
    ]
  },
  "jsonrpc": "2.0",
  "id": 3
}

--- 4. Testing Tool: stitch_list_screens ---
Screens List: {
  "result": {
    "content": [
      {
        "type": "text",
        "text": "{\n  \"screens\": [\n    {\n      \"screenshot\": {\n        \"name\": \"projects/14307733649035881866/files/c84d9465e2b64a9ab229562703adfe2d\",\n        \"downloadUrl\": \"https://lh3.googleusercontent.com/aida/AOfcidU0iGJMF9ImksmruHzqlZM77-TYuwxvYKznRRmPjUTfxrxGzSreLbxzoomNoLqz714qHLthTg4nS-8HJZ80hpIlEosrRjnwWMHztgj1n_lrsknmwdBiR8vjx5RA8RE3I5kVQul2-Plk42rM0sWNHCns2BTIT4kq-6tisFUMpyLrYz3TGyeo4lo-3XoMZ7qacamCNWi-Aje5lyIZTpNofolUGxtMElb5mcklhG8vZNyGc8BPxmFCyPpdYeYQ\"\n      },\n      \"htmlCode\": {\n        \"name\": \"projects/14307733649035881866/files/87f05c81718d4141990e8b02d2aa5ad3\",\n        \"downloadUrl\": \"https://contribution.usercontent.google.com/download?c=CgthaWRhX2NvZGVmeBJ8Eh1hcHBfY29tcGFuaW9uX2dlbmVyYXRlZF9maWxlcxpbCiVodG1sXzYzNTQyYjJlOWU0ODRlODNhYWVkMzIzNWY5MTk0MWNmEgsSBxDPpM7BsBMYAZIBJAoKcHJvamVjdF9pZBIWQhQxNDMwNzczMzY0OTAzNTg4MTg2Ng&filename=&opi=89354086\",\n        \"mimeType\": \"text/html\"\n      },\n      \"id\": \"c94e8a91afcb438f86d406faf1432000\",\n      \"generatedBy\": \"figaro_agent\",\n      \"width\": \"2560\",\n      \"height\": \"2048\",\n      \"title\": \"Agency Admin Operations Dashboard\",\n      \"prompt\": \"Title: Agency Admin Operations Dashboard\\nContext: Visa and document services platform for an agency specializing in international travel documentation and visa processing.\\nDescription of the screen: A comprehensive administrative dashboard for agency staff. It features a sidebar for navigation (Overview, New Applications, Flagged, Completed, Reports). The main view shows a data table of all active applications with filters for Country, Visa Type, and Status. Key metrics at the top: 'Total Active', 'Expiring Soon', 'Pending Review'.\\nPlatform: web\\nForm factor: desktop\",\n      \"name\": \"projects/14307733649035881866/screens/c94e8a91afcb438f86d406faf1432000\",\n      \"theme\": {\n        \"colorMode\": \"LIGHT\",\n        \"font\": \"PUBLIC_SANS\",\n        \"roundness\": \"ROUND_EIGHT\",\n        \"customColor\": \"#1152d4\",\n        \"saturation\": 2\n      },\n      \"deviceType\": \"DESKTOP\",\n      \"screenType\": \"DESIGN\",\n      \"screenMetadata\": {\n        \"agentType\": \"PRO_AGENT\",\n        \"status\": \"COMPLETE\"\n      }\n    },\n    {\n      \"screenshot\": {\n        \"name\": \"projects/14307733649035881866/files/e09fe40f647a4ce3987ff08fa12f33bf\",\n        \"downloadUrl\": \"https://lh3.googleusercontent.com/aida/AOfcidVMRVJhZ5YTI6IEE9Vi5hzcxVpqm-mJdsPWmxOl8ZSraAiSRPAAUCVEdtpq8pUYkxdH-5UQBzACd3jvlS9-vVev7E7zXKFY6IXhBFHPBs1yT97-ZhCTPhwL8FKnoZbncpIxBsDWohAXlBe7xVQ9ZvmFmmS3Wsm2MBEC7twuOnxrMmjgJjNtkdmMsNcNcISwwAXRySTiivOGvZz5hdvut8pgun4hyb1a4whsFtIMSdLgPscZIBcdIanviWMR\"\n      },\n      \"htmlCode\": {\n        \"name\": \"projects/14307733649035881866/files/6bac2aa5b514460887dea3d3015e51f1\",\n        \"downloadUrl\": \"https://contribution.usercontent.google.com/download?c=CgthaWRhX2NvZGVmeBJ8Eh1hcHBfY29tcGFuaW9uX2dlbmVyYXRlZF9maWxlcxpbCiVodG1sX2IzNGZmODQ2MzJkMDQ4NmU5ZDFkZWNlYTYxY2I1OTMxEgsSBxDPpM7BsBMYAZIBJAoKcHJvamVjdF9pZBIWQhQxNDMwNzczMzY0OTAzNTg4MTg2Ng&filename=&opi=89354086\",\n        \"mimeType\": \"text/html\"\n      },\n      \"id\": \"c5de8bba58ca4e0fa6e4b07ee47cbec9\",\n      \"generatedBy\": \"edit_agent\",\n      \"width\": \"2560\",\n      \"height\": \"2048\",\n      \"title\": \"Customer Status Dashboard\",\n      \"prompt\": \"Title: Customer Dashboard with Secure Chat\\nContext: Visa and document services platform for an agency specializing in international travel documentation and visa processing.\\nEdit request: The Customer Status Dashboard now includes a persistent, secure messaging sidebar on the right. It features a chat header with the assigned agent's name and photo, a scrollable history of encrypted messages, and a text input field at the bottom with options to attach additional files. Status indicators show if the agent is online.\\nPlatform: web\\nForm factor: desktop\",\n      \"name\": \"projects/14307733649035881866/screens/c5de8bba58ca4e0fa6e4b07ee47cbec9\",\n      \"theme\": {\n        \"colorMode\": \"LIGHT\",\n        \"font\": \"PUBLIC_SANS\",\n        \"roundness\": \"ROUND_EIGHT\",\n        \"customColor\": \"#1152d4\",\n        \"saturation\": 2\n      },\n      \"deviceType\": \"DESKTOP\",\n      \"screenType\": \"DESIGN\",\n      \"screenMetadata\": {\n        \"agentType\": \"PRO_AGENT\",\n        \"status\": \"COMPLETE\"\n      }\n    },\n    {\n      \"screenshot\": {\n        \"name\": \"projects/14307733649035881866/files/b4bd59b8160a4b2c861e21f6bd59d988\",\n        \"downloadUrl\": \"https://lh3.googleusercontent.com/aida/AOfcidVKoR_6aBYXJEHqD4Ya98qRtGIpxskZ8gUoH19lXnObSNvtGcGgV2ZXEhp5Z9aMEePxK1jedY8gsMK6dmKeCHMihQ3AiLYgAHwKsy-IqTfS1TEfoFxU-PcurB1jPUX7s-Td0BVWOhEpP6H9oipCoy1WRiLjBW6NHA7vSZx9B6ftlC7cPkbnXrMgcggs56zn0xYrZpZewfmZx2AEXLXTdjUzGSV_PfQqkyhHo-CLs27k9_4_wSv7WYUTpH6K\"\n      },\n      \"htmlCode\": {\n        \"name\": \"projects/14307733649035881866/files/e5fc586784144833b298285bfd47c08b\",\n        \"downloadUrl\": \"https://contribution.usercontent.google.com/download?c=CgthaWRhX2NvZGVmeBJ8Eh1hcHBfY29tcGFuaW9uX2dlbmVyYXRlZF9maWxlcxpbCiVodG1sXzllMWY0M2JhZmYxNDQzYjJhYTJmYmQwZmIxMGNhNjk3EgsSBxDPpM7BsBMYAZIBJAoKcHJvamVjdF9pZBIWQhQxNDMwNzczMzY0OTAzNTg4MTg2Ng&filename=&opi=89354086\",\n        \"mimeType\": \"text/html\"\n      },\n      \"id\": \"d891859124f94e45b191b3b27bab63df\",\n      \"generatedBy\": \"figaro_agent\",\n      \"width\": \"2560\",\n      \"height\": \"2144\",\n      \"title\": \"Visa Application Success & Next Steps\",\n      \"prompt\": \"Title: Visa Application Success & Next Steps\\nContext: Visa and document services platform for JetSetters, post-submission confirmation.\\nDescription of the screen: A celebratory and reassuring 'Visa Application Success' screen. Features a large green checkmark icon and a clear headline: 'Application Submitted Successfully!'. Displays the Application Number (e.g., VISA-2026-00001) and a summary of what happens next: 1. Document verification (24h), 2. Processing with embassy, 3. Notification of decision. Includes a 'What to do now' section with buttons to 'Track Application' and 'Download Receipt'. A secondary section encourages booking a flight or hotel with a 'Back to Trips' link. Professional and calm layout.\\nPlatform: web\\nForm factor: desktop\",\n      \"name\": \"projects/14307733649035881866/screens/d891859124f94e45b191b3b27bab63df\",\n      \"theme\": {\n        \"colorMode\": \"LIGHT\",\n        \"font\": \"PUBLIC_SANS\",\n        \"roundness\": \"ROUND_EIGHT\",\n        \"customColor\": \"#13ec13\",\n        \"saturation\": 2\n      },\n      \"deviceType\": \"DESKTOP\",\n      \"screenType\": \"DESIGN\",\n      \"screenMetadata\": {\n        \"agentType\": \"PRO_AGENT\",\n        \"status\": \"COMPLETE\"\n      }\n    },\n    {\n      \"screenshot\": {\n        \"name\": \"projects/14307733649035881866/files/925492df982a4a60ad870f4b6122eee4\",\n        \"downloadUrl\": \"https://lh3.googleusercontent.com/aida/AOfcidU5gA2x6bfEFT2AuqaMPFZfE0p6_zQpBG6l1il4zCJdSJIwAc8xqy3pTmHjaosXkKTtE9-XC1OLuALGzKZsrlHaGFPdOazxke6AUGM-pdIhLbxz8e8K1ReHffJCEsv47HgZfQfJWF6sByaIQX_HyQAjEMi2qstuN6D7tMsn8g8xXoAhp3fuV4ROAwB7NS60K4N4LtyLdf9XCGxcpYBzNiGXG_AN7N86TnwcXx4EpbyIXOzaQ7yf398sSLkv\"\n      },\n      \"htmlCode\": {\n        \"name\": \"projects/14307733649035881866/files/020a385cb2864e0582be100e600ebdd5\",\n        \"downloadUrl\": \"https://contribution.usercontent.google.com/download?c=CgthaWRhX2NvZGVmeBJ8Eh1hcHBfY29tcGFuaW9uX2dlbmVyYXRlZF9maWxlcxpbCiVodG1sXzMwMWEyY2ZmOGMxYTQwNTU5YjVkM2Y0OWY4MGRlYzg3EgsSBxDPpM7BsBMYAZIBJAoKcHJvamVjdF9pZBIWQhQxNDMwNzczMzY0OTAzNTg4MTg2Ng&filename=&opi=89354086\",\n        \"mimeType\": \"text/html\"\n      },\n      \"id\": \"71a4686f394c4743a6dcd86cf018f796\",\n      \"generatedBy\": \"edit_agent\",\n      \"width\": \"2560\",\n      \"height\": \"2048\",\n      \"title\": \"Consultant Schedule & Availability Manager\",\n      \"prompt\": \"Title: JetSetters Consultant Operations Hub\\nContext: Visa and document services platform for JetSetters, focusing on the consultant's operational interface.\\nEdit request: The 'Consultant Schedule & Availability Manager' for JetSetters. The interface now features 'JetSetters' branding. The weekly calendar is fully populated with travel-related consultations. The 'Upcoming Today' cards on the right now include a prominent 'Join Video Call' button that turns blue when the meeting is ready. A new 'Messages' tab in the sidebar indicates active unread chats, and the 'Document Review' status is integrated into each appointment block in the calendar for quick access to client files.\\nPlatform: web\\nForm factor: desktop\",\n      \"name\": \"projects/14307733649035881866/screens/71a4686f394c4743a6dcd86cf018f796\",\n      \"theme\": {\n        \"colorMode\": \"LIGHT\",\n        \"font\": \"PUBLIC_SANS\",\n        \"roundness\": \"ROUND_EIGHT\",\n        \"customColor\": \"#1152d4\",\n        \"saturation\": 2\n      },\n      \"deviceType\": \"DESKTOP\",\n      \"screenType\": \"DESIGN\",\n      \"screenMetadata\": {\n        \"agentType\": \"PRO_AGENT\",\n        \"status\": \"COMPLETE\"\n      }\n    },\n    {\n      \"screenshot\": {\n        \"name\": \"projects/14307733649035881866/files/1911aeef975d4bf4a740477f271f8e9e\",\n        \"downloadUrl\": \"https://lh3.googleusercontent.com/aida/AOfcidXFiDmdlYjoc2lSf-L5T9SvjhJ991NnClEYfbL9-yI7iLaxLZ7WX0XPjezDdlibkSKVt8IRF85AFtMOiuC4HKkOqGOVGWkAvvCqIjFQnhuqi_IvovQf9EzDQpfECI068SOPvWxcgwi40QbwMe0brN4iuKrqVw4IBGZ5qKRp6QIUwJg5XCIQuuBhOIzCpeNdW9GZMw4zpqwgXiKrkwHLowf4MEorfRFgdukdG5Sjwfv9srGAabpY15Jv8skH\"\n      },\n      \"htmlCode\": {\n        \"name\": \"projects/14307733649035881866/files/638d4858ae394b16b42d77c9e26825e9\",\n        \"downloadUrl\": \"https://contribution.usercontent.google.com/download?c=CgthaWRhX2NvZGVmeBJ8Eh1hcHBfY29tcGFuaW9uX2dlbmVyYXRlZF9maWxlcxpbCiVodG1sX2QwZTYwYzI1MzM1YzQwOGE5ODQ4ZGEzZjAxZTVkYzVhEgsSBxDPpM7BsBMYAZIBJAoKcHJvamVjdF9pZBIWQhQxNDMwNzczMzY0OTAzNTg4MTg2Ng&filename=&opi=89354086\",\n        \"mimeType\": \"text/html\"\n      },\n      \"id\": \"51dddd5a1c33491eb125a5dd3bd949a5\",\n      \"generatedBy\": \"figaro_agent\",\n      \"width\": \"2560\",\n      \"height\": \"2048\",\n      \"title\": \"Detailed Visa Application Tracker\",\n      \"prompt\": \"Title: Detailed Visa Application Tracker\\nContext: Visa and document services platform for JetSetters, focusing on user tracking and management.\\nDescription of the screen: A detailed 'Visa Application Tracker' page. Shows a specific application (e.g., VISA-2026-00001) with a vertical timeline of status updates (Submitted -> Under Review -> Docs Pending). Includes a 'Document Status' section showing which files are verified and which need re-uploading. A 'Message Agent' quick-access button is present. Integrated into the 'My Trips' style dashboard.\\nPlatform: web\\nForm factor: desktop\",\n      \"name\": \"projects/14307733649035881866/screens/51dddd5a1c33491eb125a5dd3bd949a5\",\n      \"theme\": {\n        \"colorMode\": \"LIGHT\",\n        \"font\": \"PUBLIC_SANS\",\n        \"roundness\": \"ROUND_EIGHT\",\n        \"customColor\": \"#1152d4\",\n        \"saturation\": 2\n      },\n      \"deviceType\": \"DESKTOP\",\n      \"screenType\": \"DESIGN\",\n      \"screenMetadata\": {\n        \"agentType\": \"PRO_AGENT\",\n        \"status\": \"COMPLETE\"\n      }\n    },\n    {\n      \"screenshot\": {\n        \"name\": \"projects/14307733649035881866/files/561a0bb5b452494299aeb9de382b36f0\",\n        \"downloadUrl\": \"https://lh3.googleusercontent.com/aida/AOfcidVTaxLDaHmeBbqFRz5FdBCqL3x0sspXNbWJQGp775LZyfh4V6h4kYEfig2spTQVVroTWIjAf0nEpaT3DznR-CqObah30I_rQoeCIXXfavMiKcRuQyUYdzhiDd1ekBR5sC8dfAUaBBDItTDjOMrXOjFc2NRBvYqiCTct5caqqKXa5qX_aZzIIV20kwv-fYZnkwylR0YJR9UMyRsAPPvgpJh5w9jnag3bv1jZcCQpM5D8iuysx9ruPq6XEWnC\"\n      },\n      \"htmlCode\": {\n        \"name\": \"projects/14307733649035881866/files/cc6287ea171848e8ba1262feb65404bc\",\n        \"downloadUrl\": \"https://contribution.usercontent.google.com/download?c=CgthaWRhX2NvZGVmeBJ8Eh1hcHBfY29tcGFuaW9uX2dlbmVyYXRlZF9maWxlcxpbCiVodG1sX2I2MTVmZGU1ZmYxNTRkNjZhZjU3M2UyN2Y4MDg5NDY0EgsSBxDPpM7BsBMYAZIBJAoKcHJvamVjdF9pZBIWQhQxNDMwNzczMzY0OTAzNTg4MTg2Ng&filename=&opi=89354086\",\n        \"mimeType\": \"text/html\"\n      },\n      \"id\": \"288f0ffe98134a17a42525c048d78175\",\n      \"generatedBy\": \"figaro_agent\",\n      \"width\": \"2560\",\n      \"height\": \"2048\",\n      \"title\": \"Customer Status Dashboard\",\n      \"prompt\": \"Title: Customer Status Dashboard\\nContext: Visa and document services platform for an agency specializing in international travel documentation and visa processing.\\nDescription of the screen: A user-centric dashboard for a visa applicant. The main feature is a horizontal progress tracker showing the current status: 'Applied' -> 'Documents Verified' -> 'Processing at Embassy' (Active) -> 'Visa Ready'. Below, a list of 'Action Items' (e.g., 'Upload additional bank statement') and a message center to chat with an assigned visa agent.\\nPlatform: web\\nForm factor: desktop\",\n      \"name\": \"projects/14307733649035881866/screens/288f0ffe98134a17a42525c048d78175\",\n      \"theme\": {\n        \"colorMode\": \"LIGHT\",\n        \"font\": \"PUBLIC_SANS\",\n        \"roundness\": \"ROUND_EIGHT\",\n        \"customColor\": \"#1152d4\",\n        \"saturation\": 2\n      },\n      \"deviceType\": \"DESKTOP\",\n      \"screenType\": \"DESIGN\",\n      \"screenMetadata\": {\n        \"agentType\": \"PRO_AGENT\",\n        \"status\": \"COMPLETE\"\n      }\n    },\n    {\n      \"screenshot\": {\n        \"name\": \"projects/14307733649035881866/files/52ce9aec9853467cb22f0fca45821fc1\",\n        \"downloadUrl\": \"https://lh3.googleusercontent.com/aida/AOfcidVFY146uwHR_LINZMyCQDMJ5oRr453CO5lf5Wwby_3aEb8Dmji_fH4wc1JxWXa25lVkILlnOIJukayIpMcwx2R7SEmDVLghYPy_f5Txj7RhZXCQIstImngcyWMeegGhK958_I_J5zgiU-zjOUKYCp6FYUdPSJq6b41mAiEvZg4I3OH-ZjFtGs7sW_czZGajp8iFX5ZrPOujaroCCscCR5eTVODRXuRU6tBGqadzxKqne1rAMHldW3nE2CCz\"\n      },\n      \"htmlCode\": {\n        \"name\": \"projects/14307733649035881866/files/2a0805f1e02a46bf9b71d7927d0f0df6\",\n        \"downloadUrl\": \"https://contribution.usercontent.google.com/download?c=CgthaWRhX2NvZGVmeBJ8Eh1hcHBfY29tcGFuaW9uX2dlbmVyYXRlZF9maWxlcxpbCiVodG1sX2YwZjU0MjNhYjFmMzQwMjliMzI2OWVkODNhODliNzk3EgsSBxDPpM7BsBMYAZIBJAoKcHJvamVjdF9pZBIWQhQxNDMwNzczMzY0OTAzNTg4MTg2Ng&filename=&opi=89354086\",\n        \"mimeType\": \"text/html\"\n      },\n      \"id\": \"494bef6be2e04010b12bdaa05c332257\",\n      \"generatedBy\": \"figaro_agent\",\n      \"width\": \"2560\",\n      \"height\": \"2314\",\n      \"title\": \"Customer Visa Application Portal\",\n      \"prompt\": \"Title: Customer Visa Application Portal\\nContext: Visa and document services platform for an agency specializing in international travel documentation and visa processing.\\nDescription of the screen: A multi-step visa application form for a desktop web app. The left side shows a progress stepper: 1. Personal Info, 2. Travel Details, 3. Document Upload, 4. Review & Pay. The current 'Document Upload' step is active, showing drag-and-drop zones for Passport, Photos, and Bank Statements. Includes clear instructions and a 'Save for Later' button.\\nPlatform: web\\nForm factor: desktop\",\n      \"name\": \"projects/14307733649035881866/screens/494bef6be2e04010b12bdaa05c332257\",\n      \"theme\": {\n        \"colorMode\": \"LIGHT\",\n        \"font\": \"PUBLIC_SANS\",\n        \"roundness\": \"ROUND_EIGHT\",\n        \"customColor\": \"#1152d4\",\n        \"saturation\": 2\n      },\n      \"deviceType\": \"DESKTOP\",\n      \"screenType\": \"DESIGN\",\n      \"screenMetadata\": {\n        \"agentType\": \"PRO_AGENT\",\n        \"status\": \"COMPLETE\"\n      }\n    },\n    {\n      \"screenshot\": {\n        \"name\": \"projects/14307733649035881866/files/5f5bdaa4931241bb85b741ce33aed7a8\",\n        \"downloadUrl\": \"https://lh3.googleusercontent.com/aida/AOfcidW7iF6UzsDHrz3i9HK-8xB-vuv0yt8bD5cZMKkv8CB-ExYDyv1kRPWB7gXUVQDlHGhWbCi4gjlgJy1KjNeMbCTtx9-o8Fwa1hbRutHnKAxbZ-7AkEamuOJPS38ykiEV9BKyvsWX9vxzfGWss901Z6-No74wDA0CH8dFbe3AGVfcRr4nRNQg_yQU-FZXxE0-2QLU2oj1FgMDZUnXZHtgzY8rztvk3Uz0N_Bie4fhC32ZpWbXOYkxe9TisVk\"\n      },\n      \"htmlCode\": {\n        \"name\": \"projects/14307733649035881866/files/db55fd7579f64fc68f39d89c46485f7f\",\n        \"downloadUrl\": \"https://contribution.usercontent.google.com/download?c=CgthaWRhX2NvZGVmeBJ8Eh1hcHBfY29tcGFuaW9uX2dlbmVyYXRlZF9maWxlcxpbCiVodG1sXzM0MGRmMTQ5OTZmMjQ1NjRhNzFhNDQ3Mjk2NDBkOTEwEgsSBxDPpM7BsBMYAZIBJAoKcHJvamVjdF9pZBIWQhQxNDMwNzczMzY0OTAzNTg4MTg2Ng&filename=&opi=89354086\",\n        \"mimeType\": \"text/html\"\n      },\n      \"id\": \"930dbccbd47f476cbadf0962716b5f03\",\n      \"generatedBy\": \"figaro_agent\",\n      \"width\": \"2560\",\n      \"height\": \"2048\",\n      \"title\": \"Admin Visa Requirements Manager\",\n      \"prompt\": \"Title: Admin Visa Requirements Manager\\nContext: Visa and document services platform for JetSetters, admin management interface.\\nDescription of the screen: Admin interface for managing the Visa Requirements database. A searchable and filterable table showing Nationality, Destination, Visa Type, Fee, and Requirements checklist. Each row has an 'Edit' button that opens a modal to update processing times, notes, or embassy URLs. Includes a 'Bulk Import' button for CSV updates. Designed for data-heavy administrative efficiency.\\nPlatform: web\\nForm factor: desktop\",\n      \"name\": \"projects/14307733649035881866/screens/930dbccbd47f476cbadf0962716b5f03\",\n      \"theme\": {\n        \"colorMode\": \"LIGHT\",\n        \"font\": \"PUBLIC_SANS\",\n        \"roundness\": \"ROUND_EIGHT\",\n        \"customColor\": \"#1152d4\",\n        \"saturation\": 2\n      },\n      \"deviceType\": \"DESKTOP\",\n      \"screenType\": \"DESIGN\",\n      \"screenMetadata\": {\n        \"agentType\": \"PRO_AGENT\",\n        \"status\": \"COMPLETE\"\n      }\n    },\n    {\n      \"screenshot\": {\n        \"name\": \"projects/14307733649035881866/files/0fa47e5926d2443c9ef8739b3a0809b5\",\n        \"downloadUrl\": \"https://lh3.googleusercontent.com/aida/AOfcidW5uVhkUwqEY6BwxYL__aUxMEEdPuISYgahSJE8dFJWvbzAacl0Vqa4Yulu_Vttvf_P6bPHLV6vwoQa3G4wQ06V_B40A0cW8-neVZEYdgUjhLYmUFG8yx06Yw5tgVoe0vWavCss-ygR3VoUJZQlKxLHMRi-5GT0IY-jkr983VluvUArvlhzmADqI67N8bnUi7VGaQJuP_I48k7UvU1b5BY25A70NnW6lq-KZYYbOO1UBJ1_lVn49NTOMxib\"\n      },\n      \"htmlCode\": {\n        \"name\": \"projects/14307733649035881866/files/8f94e1f685374f8cae57772d3573115b\",\n        \"downloadUrl\": \"https://contribution.usercontent.google.com/download?c=CgthaWRhX2NvZGVmeBJ8Eh1hcHBfY29tcGFuaW9uX2dlbmVyYXRlZF9maWxlcxpbCiVodG1sX2RjZjFjMzdjODcyYzQzOTM4YTVkNzFjMTI5YTEzZjhkEgsSBxDPpM7BsBMYAZIBJAoKcHJvamVjdF9pZBIWQhQxNDMwNzczMzY0OTAzNTg4MTg2Ng&filename=&opi=89354086\",\n        \"mimeType\": \"text/html\"\n      },\n      \"id\": \"c25e298341694999907aabc23806e9c0\",\n      \"generatedBy\": \"figaro_agent\",\n      \"width\": \"2560\",\n      \"height\": \"2352\",\n      \"title\": \"Appointment Details & Preparation View\",\n      \"prompt\": \"Title: Appointment Details & Preparation View\\nContext: Visa and document services platform for an agency specializing in international travel documentation and visa processing.\\nDescription of the screen: A detailed view for a single scheduled appointment in the consultant's manager. It shows the applicant's profile summary, visa type, and uploaded documents on one side. On the other side, it lists 'Preparation Notes' and a 'Start Video Call' button that becomes active 5 minutes before the session. Includes a section to log 'Post-Consultation Notes' that will be shared with the client.\\nPlatform: web\\nForm factor: desktop\",\n      \"name\": \"projects/14307733649035881866/screens/c25e298341694999907aabc23806e9c0\",\n      \"theme\": {\n        \"colorMode\": \"LIGHT\",\n        \"font\": \"PUBLIC_SANS\",\n        \"roundness\": \"ROUND_EIGHT\",\n        \"customColor\": \"#1152d4\",\n        \"saturation\": 2\n      },\n      \"deviceType\": \"DESKTOP\",\n      \"screenType\": \"DESIGN\",\n      \"screenMetadata\": {\n        \"agentType\": \"PRO_AGENT\",\n        \"status\": \"COMPLETE\"\n      }\n    },\n    {\n      \"screenshot\": {\n        \"name\": \"projects/14307733649035881866/files/de6e071433a64256a55332db0a70f5d6\",\n        \"downloadUrl\": \"https://lh3.googleusercontent.com/aida/AOfcidWLvTyseMoBlFChY2GRcVrmvFJV3V2xX2ipv8wa-KyZmdHWsyyo6jTOj8KXxqB_9NpLbNUWv49OCC8IPacLDGJu94mnxZ9m4ZpHH05WpJPXs8aQI0BPxkEg7n3C77n9gG7CEmIFVuEtjBLwj30ETK9W-xDt_pUrf7poUDoEjNJ5bhwOMEPiVVSI2TADh4fQzESU544LXsOdENnzAkzC2fmcBCcqbJ9ko1-ZrLrK-FhYswa5k9T-PmxTNBg\"\n      },\n      \"htmlCode\": {\n        \"name\": \"projects/14307733649035881866/files/77d43db4b58b435cad49f82644c7cb08\",\n        \"downloadUrl\": \"https://contribution.usercontent.google.com/download?c=CgthaWRhX2NvZGVmeBJ8Eh1hcHBfY29tcGFuaW9uX2dlbmVyYXRlZF9maWxlcxpbCiVodG1sX2YyNDgyMzA2ZDZkODQyZjJiNGE3Nzg1ZDgwZGQ2YzgxEgsSBxDPpM7BsBMYAZIBJAoKcHJvamVjdF9pZBIWQhQxNDMwNzczMzY0OTAzNTg4MTg2Ng&filename=&opi=89354086\",\n        \"mimeType\": \"text/html\"\n      },\n      \"id\": \"15b6d8c9c08049769270e20d768bbd38\",\n      \"generatedBy\": \"figaro_agent\",\n      \"width\": \"2560\",\n      \"height\": \"2048\",\n      \"title\": \"In-App Video Consultation Interface\",\n      \"prompt\": \"Title: In-App Video Consultation Interface\\nContext: Visa and document services platform for an agency specializing in international travel documentation and visa processing.\\nDescription of the screen: A browser-based video call interface for the consultation. The main area shows the video feed of the consultant, with a smaller 'self-view' window. A sidebar contains a shared document viewer so the agent can point out specific parts of an application in real-time. Control bar at the bottom includes 'Mute', 'Toggle Camera', 'Share Screen', and 'End Call' buttons. A small chat window is also visible for sharing links.\\nPlatform: web\\nForm factor: desktop\",\n      \"name\": \"projects/14307733649035881866/screens/15b6d8c9c08049769270e20d768bbd38\",\n      \"theme\": {\n        \"colorMode\": \"LIGHT\",\n        \"font\": \"PUBLIC_SANS\",\n        \"roundness\": \"ROUND_EIGHT\",\n        \"customColor\": \"#1152d4\",\n        \"saturation\": 2\n      },\n      \"deviceType\": \"DESKTOP\",\n      \"screenType\": \"DESIGN\",\n      \"screenMetadata\": {\n        \"agentType\": \"PRO_AGENT\",\n        \"status\": \"COMPLETE\"\n      }\n    },\n    {\n      \"screenshot\": {\n        \"name\": \"projects/14307733649035881866/files/030aabf8bdca431c90430737620edbb0\",\n        \"downloadUrl\": \"https://lh3.googleusercontent.com/aida/AOfcidXU3pjjVG6RH0BL2d0At7-tfEY8TpVqys7FTAxrSNLPRKzVhKT61gvzmXtGmu8NnsJfp5mgs_YWUWkl0fuO1k622bM7RQ3EsUCTNWftvWCqXoSUclhnpmU8frWW-_UfHsQ9Ep9d1383wbliZ2OXjWPgVRtTOksMq6u5xCGkZveaisY4tmmyFjwCm5CkMOu_dfZ-ym40jUWsqFtSckP_rG3y4SoBLtAKR6fOa-7OO5PKG2kwjzmUhLRUf8ul\"\n      },\n      \"htmlCode\": {\n        \"name\": \"projects/14307733649035881866/files/a59d83ff3f5243cab12c722e354f7ff7\",\n        \"downloadUrl\": \"https://contribution.usercontent.google.com/download?c=CgthaWRhX2NvZGVmeBJ8Eh1hcHBfY29tcGFuaW9uX2dlbmVyYXRlZF9maWxlcxpbCiVodG1sXzhkNzJkZTBiNTViNTRkNGM5NDg5YjE4NTdjZWFjMjJjEgsSBxDPpM7BsBMYAZIBJAoKcHJvamVjdF9pZBIWQhQxNDMwNzczMzY0OTAzNTg4MTg2Ng&filename=&opi=89354086\",\n        \"mimeType\": \"text/html\"\n      },\n      \"id\": \"561e0e9a361c49d0a3efaef6709b899e\",\n      \"generatedBy\": \"figaro_agent\",\n      \"width\": \"2560\",\n      \"height\": \"4300\",\n      \"title\": \"Visa Service Catalog Landing Page\",\n      \"prompt\": \"Title: Visa Service Catalog Landing Page\\nContext: Visa and document services platform for an agency specializing in international travel documentation and visa processing.\\nDescription of the screen: A professional, trust-inspiring landing page and service catalog for a visa agency. It features a hero section with a search bar ('Where are you going?'), followed by a grid of popular destinations (e.g., USA, UK, Schengen, Japan). Each card shows the visa type (Tourist, Business), starting price, and processing time. A clear 'Requirements' link is available on each card. Top navigation includes 'Services', 'Pricing', 'Track Application', and 'Login'.\\nPlatform: web\\nForm factor: desktop\",\n      \"name\": \"projects/14307733649035881866/screens/561e0e9a361c49d0a3efaef6709b899e\",\n      \"theme\": {\n        \"colorMode\": \"LIGHT\",\n        \"font\": \"PUBLIC_SANS\",\n        \"roundness\": \"ROUND_EIGHT\",\n        \"customColor\": \"#1152d4\",\n        \"saturation\": 2\n      },\n      \"deviceType\": \"DESKTOP\",\n      \"screenType\": \"DESIGN\",\n      \"screenMetadata\": {\n        \"agentType\": \"PRO_AGENT\",\n        \"status\": \"COMPLETE\"\n      }\n    },\n    {\n      \"screenshot\": {\n        \"name\": \"projects/14307733649035881866/files/afbfccaa2067489d8fb38c0e4903b2f5\",\n        \"downloadUrl\": \"https://lh3.googleusercontent.com/aida/AOfcidUQcoLUj4gnX5rWaC6FQfT9yDhX08YtOMMMIlyFQN5zHz8s4XMGxbs0dIbNc8ow65MfSYKPVaXzKOVVlRwklukqfVVr1DRmgqa3qwYZG9k3Jsc0XBblZQ0lkMsOTX5S92ICQ-fysVvpEOIsYdTCd2aQgNMe3DhQqQLYQVbRU0FUAlwtslsYE0Tj5ioah6VEpeRWkFrZPC3pbZI9vQNYwxBB3VhvTqGrbVBzOHMZue2UQmkuA4AuxOzlUwci\"\n      },\n      \"htmlCode\": {\n        \"name\": \"projects/14307733649035881866/files/a5995e9af4824bc6a07e24a9ebbc044b\",\n        \"downloadUrl\": \"https://contribution.usercontent.google.com/download?c=CgthaWRhX2NvZGVmeBJ8Eh1hcHBfY29tcGFuaW9uX2dlbmVyYXRlZF9maWxlcxpbCiVodG1sXzAwYTI4NGEyYjkwNDRiODBhMzgyZDE2YjIzNTE3NGQ3EgsSBxDPpM7BsBMYAZIBJAoKcHJvamVjdF9pZBIWQhQxNDMwNzczMzY0OTAzNTg4MTg2Ng&filename=&opi=89354086\",\n        \"mimeType\": \"text/html\"\n      },\n      \"id\": \"72032dcd18a541ba8028eb1d70cb0346\",\n      \"generatedBy\": \"figaro_agent\",\n      \"width\": \"2560\",\n      \"height\": \"2048\",\n      \"title\": \"Consultant Schedule & Availability Manager\",\n      \"prompt\": \"Title: Consultant Schedule & Availability Manager\\nContext: Visa and document services platform for an agency specializing in international travel documentation and visa processing.\\nDescription of the screen: A consultant-facing dashboard for managing availability and upcoming appointments. On the left, a vertical navigation bar (Dashboard, My Schedule, Clients, Settings). The main area features a large weekly calendar view with color-coded appointment blocks (e.g., 'Tourist Visa Consultation', 'Schengen Review'). A sidebar on the right shows 'Upcoming Today' and a toggle to set 'Online/Offline' status. Includes a button to 'Set Recurring Availability' and 'Block Out Time'.\\nPlatform: web\\nForm factor: desktop\",\n      \"name\": \"projects/14307733649035881866/screens/72032dcd18a541ba8028eb1d70cb0346\",\n      \"theme\": {\n        \"colorMode\": \"LIGHT\",\n        \"font\": \"PUBLIC_SANS\",\n        \"roundness\": \"ROUND_EIGHT\",\n        \"customColor\": \"#1152d4\",\n        \"saturation\": 2\n      },\n      \"deviceType\": \"DESKTOP\",\n      \"screenType\": \"DESIGN\",\n      \"screenMetadata\": {\n        \"agentType\": \"PRO_AGENT\",\n        \"status\": \"COMPLETE\"\n      }\n    },\n    {\n      \"screenshot\": {\n        \"name\": \"projects/14307733649035881866/files/3a8814110ff548fd813c0e87aa3cd263\",\n        \"downloadUrl\": \"https://lh3.googleusercontent.com/aida/AOfcidUSnadrmb6Bwx7S2dAOauhSn4qtRy4UKp9tu580Ui8SvOuch8bilCnmuBZ2WjjiwHkOzGqiv3o8AfV5F38w0hbgBESk7sUfz4VMBJUvlvchA7Kbv5Ak_py1F0ldt9Y05xxfRaJ6ykjWjCsC2E3pF9deUUEZwfkxVJ3egL_sowD8bb2Lod5zJw0WFNbh59lwlsT44s2GKgDfdoiolubJDXaiCtlZ-S0dTBw3RV8g-uH8DvqKKeen12VEyhs\"\n      },\n      \"htmlCode\": {\n        \"name\": \"projects/14307733649035881866/files/d63bf77c62ba4f9ba658086cbffc4a09\",\n        \"downloadUrl\": \"https://contribution.usercontent.google.com/download?c=CgthaWRhX2NvZGVmeBJ8Eh1hcHBfY29tcGFuaW9uX2dlbmVyYXRlZF9maWxlcxpbCiVodG1sX2ZkNTY2YTU5ZGEyMzQzODQ5MTE0NjMwMGVkZWFiMDg3EgsSBxDPpM7BsBMYAZIBJAoKcHJvamVjdF9pZBIWQhQxNDMwNzczMzY0OTAzNTg4MTg2Ng&filename=&opi=89354086\",\n        \"mimeType\": \"text/html\"\n      },\n      \"id\": \"8cb26df459824893b12fbae8bc74bc88\",\n      \"generatedBy\": \"figaro_agent\",\n      \"width\": \"2560\",\n      \"height\": \"3402\",\n      \"title\": \"JetSetters Visa Landing & Eligibility Checker\",\n      \"prompt\": \"Title: JetSetters Visa Landing & Eligibility Checker\\nContext: Visa and document services platform for JetSetters, focusing on eligibility and information gathering.\\nDescription of the screen: A comprehensive Visa Landing Page for JetSetters. Features a prominent 'Visa Eligibility Checker' widget in the hero section with nationality and destination country selection. Below, it shows cards for different service types (Visa Application, Passport Renewal, Travel Insurance, Translation). Includes a 'Popular Destinations' section with quick-view visa requirements for countries like USA, UK, and Japan. Professional, high-trust travel aesthetic.\\nPlatform: web\\nForm factor: desktop\",\n      \"name\": \"projects/14307733649035881866/screens/8cb26df459824893b12fbae8bc74bc88\",\n      \"theme\": {\n        \"colorMode\": \"LIGHT\",\n        \"font\": \"PUBLIC_SANS\",\n        \"roundness\": \"ROUND_EIGHT\",\n        \"customColor\": \"#1152d4\",\n        \"saturation\": 2\n      },\n      \"deviceType\": \"DESKTOP\",\n      \"screenType\": \"DESIGN\",\n      \"screenMetadata\": {\n        \"agentType\": \"PRO_AGENT\",\n        \"status\": \"COMPLETE\"\n      }\n    },\n    {\n      \"screenshot\": {\n        \"name\": \"projects/14307733649035881866/files/cdb34c70e12b4c638d797d3bb5e6a3f3\",\n        \"downloadUrl\": \"https://lh3.googleusercontent.com/aida/AOfcidUcudn-5X9DMuM8tPppnf4L8Ys-K4TG0xDOfqOWRSyBdF5H5cw1gg5U3TlHU4Mh6LxE-5j4uM47yANPRnx9ntKr5T4bFGLr3RICP8ZMMMUyI8XHpt1cYgyvgeOjF35IuTGIPxc00AH3qy8wYn9O5B516rwVyi_8ic0nZnR42KtlCvIeL1qkfjyzOLKTOBiLoQfcqXVcGfjCiuxhc6hzSC8vecfAETP62RGLjrBlVoqFJLTF1nsVt1-JBlFy\"\n      },\n      \"htmlCode\": {\n        \"name\": \"projects/14307733649035881866/files/3cb195e6b2794641989e61bef0945209\",\n        \"downloadUrl\": \"https://contribution.usercontent.google.com/download?c=CgthaWRhX2NvZGVmeBJ8Eh1hcHBfY29tcGFuaW9uX2dlbmVyYXRlZF9maWxlcxpbCiVodG1sXzk2MzUwMDBhOWMyMDRkZTBiM2U3YzQ0MWU5MGExZTVjEgsSBxDPpM7BsBMYAZIBJAoKcHJvamVjdF9pZBIWQhQxNDMwNzczMzY0OTAzNTg4MTg2Ng&filename=&opi=89354086\",\n        \"mimeType\": \"text/html\"\n      },\n      \"id\": \"e3bb2559089d4e2681d27d454206aa97\",\n      \"generatedBy\": \"figaro_agent\",\n      \"width\": \"2560\",\n      \"height\": \"2672\",\n      \"title\": \"Document Services Request Portal\",\n      \"prompt\": \"Title: Document Services Request Portal\\nContext: Visa and document services platform for JetSetters, focusing on non-visa document needs.\\nDescription of the screen: A dedicated page for Document Services (Passport Renewal, Travel Insurance, Document Attestation). Features a clean form where users select the service type and urgency. Includes specific input fields for the current passport expiry date (if renewal) or travel dates (for insurance). Displays estimated fees and a clear 'Request Service' call to action.\\nPlatform: web\\nForm factor: desktop\",\n      \"name\": \"projects/14307733649035881866/screens/e3bb2559089d4e2681d27d454206aa97\",\n      \"theme\": {\n        \"colorMode\": \"LIGHT\",\n        \"font\": \"PUBLIC_SANS\",\n        \"roundness\": \"ROUND_EIGHT\",\n        \"customColor\": \"#1152d4\",\n        \"saturation\": 2\n      },\n      \"deviceType\": \"DESKTOP\",\n      \"screenType\": \"DESIGN\",\n      \"screenMetadata\": {\n        \"agentType\": \"PRO_AGENT\",\n        \"status\": \"COMPLETE\"\n      }\n    },\n    {\n      \"screenshot\": {\n        \"name\": \"projects/14307733649035881866/files/09bbd22fea514197b1bcf13443236304\",\n        \"downloadUrl\": \"https://lh3.googleusercontent.com/aida/AOfcidWtAAqXY8xRjmvjQ2V60PyoX4tI0eZEASuWT8OOzsj_tURYEeSHaopyy9NkVA92liNin-9q6XTGrIIf05oI5G8noCfnQT96tqFhUBXq6ocBQFbLWhatxmhKzAqzwUeTYy2gZeFQy8Db3-XRlA4PivLwPL6blwnEWPVJ3B7EFRZbM2vl874n3dWkheT-Cw_IXMTF0iNDyb4KLVZFTNfM-pw5oaHnb7u-LXQ7tBlI23mehJFmi1oO95H8XwcG\"\n      },\n      \"htmlCode\": {\n        \"name\": \"projects/14307733649035881866/files/53bc56a12db941378dc991f88c74bd05\",\n        \"downloadUrl\": \"https://contribution.usercontent.google.com/download?c=CgthaWRhX2NvZGVmeBJ8Eh1hcHBfY29tcGFuaW9uX2dlbmVyYXRlZF9maWxlcxpbCiVodG1sXzcxZGEyNTgxMWEzYjQ4ZTZhNWRlYzFhOGY0MGJmMDNiEgsSBxDPpM7BsBMYAZIBJAoKcHJvamVjdF9pZBIWQhQxNDMwNzczMzY0OTAzNTg4MTg2Ng&filename=&opi=89354086\",\n        \"mimeType\": \"text/html\"\n      },\n      \"id\": \"ee333795f4b44bc385d1b27d0eca0ea6\",\n      \"generatedBy\": \"edit_agent\",\n      \"width\": \"2560\",\n      \"height\": \"2048\",\n      \"title\": \"In-App Video Consultation Interface\",\n      \"prompt\": \"Title: Shared Form Review with Secure e-Signature\\nContext: Visa and document services platform for JetSetters, focused on real-time collaboration and legal finalization during video consultations.\\nEdit request: The Interactive Shared Form Review now includes a secure 'e-Signature' module. At the bottom of the document viewer, a 'Sign Here' tab appears for the applicant. When clicked, it opens a secure overlay where the user can draw their signature or type it with a cursive font. The consultant has a 'Request Signature' control, and once signed, a digital certificate/seal is visible on the document. The video feeds and chat remain active, providing a witness-like experience for the signing process. A 'Download Signed Copy' button appears after completion.\\nPlatform: web\\nForm factor: desktop\",\n      \"name\": \"projects/14307733649035881866/screens/ee333795f4b44bc385d1b27d0eca0ea6\",\n      \"theme\": {\n        \"colorMode\": \"LIGHT\",\n        \"font\": \"PUBLIC_SANS\",\n        \"roundness\": \"ROUND_EIGHT\",\n        \"customColor\": \"#1152d4\",\n        \"saturation\": 2\n      },\n      \"deviceType\": \"DESKTOP\",\n      \"screenType\": \"DESIGN\",\n      \"screenMetadata\": {\n        \"agentType\": \"PRO_AGENT\",\n        \"status\": \"COMPLETE\"\n      }\n    },\n    {\n      \"screenshot\": {\n        \"name\": \"projects/14307733649035881866/files/09577d89607f493e83b4d8ce1884c219\",\n        \"downloadUrl\": \"https://lh3.googleusercontent.com/aida/AOfcidWtJIyam7bBNvSbXzo4tzriBfVhOyfIvjWk4pCC2aU9pK7b4gRqShTurU5Oa3PZ-FFspFkRBbP1FYZOYuPu7Rr8bDYlFRMQx7-XAFC8DIvZbSLhNZG3ht3qdLHCvxkhrg-f1vkNB-pCsrAy58hxUlhZvuWLs-GQa6c4LbiyCwwWgiByd4QUp5FXn6Nd7aJprXm4ewNX4WaPapmUwNrku_jmR4ryWcpqUc5t-XFyN37vE6D5NAycPx8X_GM\"\n      },\n      \"htmlCode\": {\n        \"name\": \"projects/14307733649035881866/files/7a9a5a13c0004c7380f8cf146ae72edc\",\n        \"downloadUrl\": \"https://contribution.usercontent.google.com/download?c=CgthaWRhX2NvZGVmeBJ8Eh1hcHBfY29tcGFuaW9uX2dlbmVyYXRlZF9maWxlcxpbCiVodG1sX2YxODExOTg3N2E0MzRjYjc5ODY5MWFlNjI1NTA4MzZmEgsSBxDPpM7BsBMYAZIBJAoKcHJvamVjdF9pZBIWQhQxNDMwNzczMzY0OTAzNTg4MTg2Ng&filename=&opi=89354086\",\n        \"mimeType\": \"text/html\"\n      },\n      \"id\": \"46b07f885b5643a5bf9175c7bf0b50b4\",\n      \"generatedBy\": \"edit_agent\",\n      \"width\": \"2560\",\n      \"height\": \"2048\",\n      \"title\": \"In-App Video Consultation Interface\",\n      \"prompt\": \"Title: Interactive Shared Form Review View\\nContext: Visa and document services platform for JetSetters, focused on real-time collaboration during video consultations.\\nEdit request: An interactive 'Shared Form Review' mode within the JetSetters video call interface. The main area displays the applicant's visa form (e.g., DS-160 or similar) in a high-resolution PDF viewer. Both the consultant and applicant have synchronized cursor visibility. The consultant can highlight specific fields in yellow and add 'Sticky Note' comments (e.g., 'Update passport expiry here'). A 'Live Edit' sidebar allows the consultant to correct data on the fly while the applicant watches. Video feeds of both participants are docked in small windows at the top right, and the secure chat persists at the bottom right. Includes a 'Finalize & Sign' button.\\nPlatform: web\\nForm factor: desktop\",\n      \"name\": \"projects/14307733649035881866/screens/46b07f885b5643a5bf9175c7bf0b50b4\",\n      \"theme\": {\n        \"colorMode\": \"LIGHT\",\n        \"font\": \"PUBLIC_SANS\",\n        \"roundness\": \"ROUND_EIGHT\",\n        \"customColor\": \"#1152d4\",\n        \"saturation\": 2\n      },\n      \"deviceType\": \"DESKTOP\",\n      \"screenType\": \"DESIGN\",\n      \"screenMetadata\": {\n        \"agentType\": \"PRO_AGENT\",\n        \"status\": \"COMPLETE\"\n      }\n    },\n    {\n      \"screenshot\": {\n        \"name\": \"projects/14307733649035881866/files/91760bcbdc0a4b6c88d5887ea53bf6de\",\n        \"downloadUrl\": \"https://lh3.googleusercontent.com/aida/AOfcidWksUw0_njkQABbKkS_vgVEnL_M8jIKO7xeKycbm2YwDa8B_hVeAHQaLxdihcgaM8F7kNnBolkWqXE9Q_5N-9BofiZOpnPQhzmCWz-ItxLX1xV5WbAh17HW2jAkz26u8vtV0mjt5VEWIXRXPb_06eKXOQxvcrCfbExle2j2RbgW59Nc2z7eJis4vYLy7l7D2vgBhNovg3e5wMeIJy99yyuJAV6OQJYUF5F800DfKIxqzQWzHjrC-US5yLmJ\"\n      },\n      \"htmlCode\": {\n        \"name\": \"projects/14307733649035881866/files/9472c6f362d644459b1aba14de6d65ae\",\n        \"downloadUrl\": \"https://contribution.usercontent.google.com/download?c=CgthaWRhX2NvZGVmeBJ8Eh1hcHBfY29tcGFuaW9uX2dlbmVyYXRlZF9maWxlcxpbCiVodG1sX2I2N2Q3MmQ2YWU3ZjQwM2U5NTZiOWYwYjkxOTkyMzg0EgsSBxDPpM7BsBMYAZIBJAoKcHJvamVjdF9pZBIWQhQxNDMwNzczMzY0OTAzNTg4MTg2Ng&filename=&opi=89354086\",\n        \"mimeType\": \"text/html\"\n      },\n      \"id\": \"cf3bd0096c62455e995c28478f762151\",\n      \"generatedBy\": \"figaro_agent\",\n      \"width\": \"2560\",\n      \"height\": \"2048\",\n      \"title\": \"Admin Document Review System\",\n      \"prompt\": \"Title: Admin Document Review System\\nContext: Visa and document services platform for an agency specializing in international travel documentation and visa processing.\\nDescription of the screen: A specialized split-screen interface for agency staff to review documents. On the left, a list of uploaded files from a specific applicant. On the right, a large PDF/Image viewer showing the document (e.g., a passport scan). Staff can 'Approve', 'Reject with Comment', or 'Request Re-upload' via a side panel. History of document changes is visible.\\nPlatform: web\\nForm factor: desktop\",\n      \"name\": \"projects/14307733649035881866/screens/cf3bd0096c62455e995c28478f762151\",\n      \"theme\": {\n        \"colorMode\": \"LIGHT\",\n        \"font\": \"PUBLIC_SANS\",\n        \"roundness\": \"ROUND_EIGHT\",\n        \"customColor\": \"#1152d4\",\n        \"saturation\": 2\n      },\n      \"deviceType\": \"DESKTOP\",\n      \"screenType\": \"DESIGN\",\n      \"screenMetadata\": {\n        \"agentType\": \"PRO_AGENT\",\n        \"status\": \"COMPLETE\"\n      }\n    },\n    {\n      \"screenshot\": {\n        \"name\": \"projects/14307733649035881866/files/37cffaa4a582407fbe96057fec672ad4\",\n        \"downloadUrl\": \"https://lh3.googleusercontent.com/aida/AOfcidUKWNTKagCIxWKPjlvuNfAjKzSTnyGlHeDMuMP6GS3XIGlFbzzkuUzo3C172bvW1E7iC7LfjD6uN2oc36tvaX8QlK4iVs0iN3d7NhdOaLvou_4GZccqpnchs6xO9Xp-KFMkUDI6xEvLrVjiJOWUZ0ZpABs6ejM_qffG9NOndkVeuAERqmk6I8SFihLYWK2oWP9VFfdAy-mweoogLHvj1fRjzH7EyvKOZJFuipu0HTa102Fl7_AmDiz2gRvM\"\n      },\n      \"htmlCode\": {\n        \"name\": \"projects/14307733649035881866/files/f8c7fb99a7c54e59921655b3bb968807\",\n        \"downloadUrl\": \"https://contribution.usercontent.google.com/download?c=CgthaWRhX2NvZGVmeBJ8Eh1hcHBfY29tcGFuaW9uX2dlbmVyYXRlZF9maWxlcxpbCiVodG1sX2FhOTAzZGJiMTdhNDRlZWE5OTk0NzlhNDZkNWI5NDc3EgsSBxDPpM7BsBMYAZIBJAoKcHJvamVjdF9pZBIWQhQxNDMwNzczMzY0OTAzNTg4MTg2Ng&filename=&opi=89354086\",\n        \"mimeType\": \"text/html\"\n      },\n      \"id\": \"90a7a836f32e4dc88c331b2c8a1ed6c9\",\n      \"generatedBy\": \"figaro_agent\",\n      \"width\": \"2560\",\n      \"height\": \"2194\",\n      \"title\": \"Visa Service Selection & Final Review\",\n      \"prompt\": \"Title: Visa Service Selection & Final Review\\nContext: Visa and document services platform for JetSetters, specifically the multi-step application journey.\\nDescription of the screen: Step 5 & 6 of the Visa Application process: Service Selection and Review. Shows a comparison of processing tiers: Standard ($49), Express ($89), and Premium Concierge ($149) with bullet points for benefits. The right side shows a 'Final Review' summary of all entered applicant info and uploaded documents before the final 'Pay and Submit' button. Clean, clear, and reassuring layout.\\nPlatform: web\\nForm factor: desktop\",\n      \"name\": \"projects/14307733649035881866/screens/90a7a836f32e4dc88c331b2c8a1ed6c9\",\n      \"theme\": {\n        \"colorMode\": \"LIGHT\",\n        \"font\": \"PUBLIC_SANS\",\n        \"roundness\": \"ROUND_EIGHT\",\n        \"customColor\": \"#1152d4\",\n        \"saturation\": 2\n      },\n      \"deviceType\": \"DESKTOP\",\n      \"screenType\": \"DESIGN\",\n      \"screenMetadata\": {\n        \"agentType\": \"PRO_AGENT\",\n        \"status\": \"COMPLETE\"\n      }\n    },\n    {\n      \"screenshot\": {\n        \"name\": \"projects/14307733649035881866/files/320b4509c6484becaf6aa43528e0cdf0\",\n        \"downloadUrl\": \"https://lh3.googleusercontent.com/aida/AOfcidX2MVLtLaC0r9Y8yW2BfXwJm5jeuqsT_03m1ARG6LvTaKpdqdEMtjz0Vd05zrY-1Ws-BpRUTtr1Pb91bHCTLMatu6PylxY8ITSuSiHGRZtMec97xfBVOpgDdUdglvvpeCLnkekuVeDYymJKkbt-WhTB8XwCS1j8Z7tJ3lm3_DSVVNYDAHCmNH3Msfd6NB81MhfZXOtTU97EBGmLufO_OfiLf_ZAJn30SKGlvwjSVQIPxGqbW-2ZpOOUZMk\"\n      },\n      \"htmlCode\": {\n        \"name\": \"projects/14307733649035881866/files/00e80f792f424fa19e0d5ebc818b893e\",\n        \"downloadUrl\": \"https://contribution.usercontent.google.com/download?c=CgthaWRhX2NvZGVmeBJ8Eh1hcHBfY29tcGFuaW9uX2dlbmVyYXRlZF9maWxlcxpbCiVodG1sXzJkNTQxNTAzOWU0NDRjMDI4MWUxOTY4Y2Y3MzFhZTE0EgsSBxDPpM7BsBMYAZIBJAoKcHJvamVjdF9pZBIWQhQxNDMwNzczMzY0OTAzNTg4MTg2Ng&filename=&opi=89354086\",\n        \"mimeType\": \"text/html\"\n      },\n      \"id\": \"f7871044b4bf4faab8a3e79a4adb5fdc\",\n      \"generatedBy\": \"figaro_agent\",\n      \"width\": \"2560\",\n      \"height\": \"2650\",\n      \"title\": \"Consultation Booking Calendar\",\n      \"prompt\": \"Title: Consultation Booking Calendar\\nContext: Visa and document services platform for an agency specializing in international travel documentation and visa processing.\\nDescription of the screen: A desktop web page for booking video consultations. It features a calendar on the left where users can select dates, and a time slot grid on the right (e.g., 9:00 AM, 10:30 AM). Users can select a specific visa consultant based on their expertise (e.g., 'Student Visa Expert'). A summary sidebar displays the chosen date, time, consultant name, and a 'Confirm Booking' button. Includes a brief 'How it works' section.\\nPlatform: web\\nForm factor: desktop\",\n      \"name\": \"projects/14307733649035881866/screens/f7871044b4bf4faab8a3e79a4adb5fdc\",\n      \"theme\": {\n        \"colorMode\": \"LIGHT\",\n        \"font\": \"PUBLIC_SANS\",\n        \"roundness\": \"ROUND_EIGHT\",\n        \"customColor\": \"#1152d4\",\n        \"saturation\": 2\n      },\n      \"deviceType\": \"DESKTOP\",\n      \"screenType\": \"DESIGN\",\n      \"screenMetadata\": {\n        \"agentType\": \"PRO_AGENT\",\n        \"status\": \"COMPLETE\"\n      }\n    },\n    {\n      \"screenshot\": {\n        \"name\": \"projects/14307733649035881866/files/33bd4776795b4e898e5ca8c9c982b09a\",\n        \"downloadUrl\": \"https://lh3.googleusercontent.com/aida/AOfcidXF0fZAeaJ5Pp2DMWmmPLwCoBm2KgTfJCZBHPA7Hj7OjgF_FVaKMCGFgQ8BtR0Kt26SfOtApqNoLC7NslAM58o9hqGrCz0taOCI-nMYI3uq1YmbzhCPSc6Ae9fTVsNlguSMeaQo1J8_2XiFGBt75XdnChUi1-7KXXD1NVsohOKfrKBwFtwHj2Gs8h4-cC3IjAAQqG57navX8oDcZ-hQNPPSg-XZTI1PCpIPD346PUUEIDUZoB0WQCBamc4_\"\n      },\n      \"htmlCode\": {\n        \"name\": \"projects/14307733649035881866/files/39ea8056f03f43dc86b6545f07309a3a\",\n        \"downloadUrl\": \"https://contribution.usercontent.google.com/download?c=CgthaWRhX2NvZGVmeBJ8Eh1hcHBfY29tcGFuaW9uX2dlbmVyYXRlZF9maWxlcxpbCiVodG1sXzA5ZTIwZWRiNWFkZTQxNTU4OWVlM2Q4MDYzMWExNTNjEgsSBxDPpM7BsBMYAZIBJAoKcHJvamVjdF9pZBIWQhQxNDMwNzczMzY0OTAzNTg4MTg2Ng&filename=&opi=89354086\",\n        \"mimeType\": \"text/html\"\n      },\n      \"id\": \"1077099864fd47f09beb901c530016e9\",\n      \"generatedBy\": \"figaro_agent\",\n      \"width\": \"2560\",\n      \"height\": \"2048\",\n      \"title\": \"Admin Multi-Chat Messaging Hub\",\n      \"prompt\": \"Title: Admin Multi-Chat Messaging Hub\\nContext: Visa and document services platform for an agency specializing in international travel documentation and visa processing.\\nDescription of the screen: A dedicated full-screen messaging hub for agency staff to manage multiple customer conversations. On the left, a searchable list of active applicant chats with unread badges and last message previews. The center pane shows the current active conversation with a specific applicant, including automated system notifications (e.g., 'Document Rejected'). The right pane displays quick applicant details: Visa Type, Country, and Application ID for context.\\nPlatform: web\\nForm factor: desktop\",\n      \"name\": \"projects/14307733649035881866/screens/1077099864fd47f09beb901c530016e9\",\n      \"theme\": {\n        \"colorMode\": \"LIGHT\",\n        \"font\": \"PUBLIC_SANS\",\n        \"roundness\": \"ROUND_EIGHT\",\n        \"customColor\": \"#1152d4\",\n        \"saturation\": 2\n      },\n      \"deviceType\": \"DESKTOP\",\n      \"screenType\": \"DESIGN\",\n      \"screenMetadata\": {\n        \"agentType\": \"PRO_AGENT\",\n        \"status\": \"COMPLETE\"\n      }\n    }\n  ]\n}"
      }
    ]
  },
  "jsonrpc": "2.0",
  "id": 4
}
